1d BTC/USDT 3309 0s
1d ETH/USDT 3309 2s
1d SOL/USDT 2219 4s
1d BNB/USDT 3228 6s
1d XRP/USDT 3049 8s
1d LINK/USDT 2792 10s
1d ADA/USDT 3066 12s
1d DOGE/USDT 2622 14s
1d AVAX/USDT 2177 16s
1d DOT/USDT 2212 17s
1d LTC/USDT 3191 19s
1d TRX/USDT 3011 22s
1d ATOM/USDT 2689 23s
1d BCH/USDT 2476 25s
1d ETC/USDT 3010 27s
1d UNI/USDT 2182 29s
1d NVIDIA (NVDA) 6948 29s
1d Apple (AAPL) 11525 29s
1d Microsoft (MSFT) 10199 30s
1d Tesla (TSLA) 4072 30s
1d Amazon (AMZN) 7373 30s
1d Google (GOOGL) 5547 30s
1d Meta (META) 3595 30s
1d JPMorgan (JPM) 11713 31s
1d Exxon (XOM) 16278 31s
1d Walmart (WMT) 13619 32s
1d Caterpillar (CAT) 16278 32s
1d S&P 500 24787 33s
1d Nasdaq 100 10312 33s
1d Dow Jones 8731 33s
1d Russell 2000 9821 33s
1d DAX 9783 34s
1d SPY 8458 34s
1d QQQ 6916 34s
1d IWM 6608 35s
1d EEM 5887 35s
