  0% data BTC/USDT 5m 0s
  0% data ETH/USDT 5m 30s
  0% data SOL/USDT 5m 59s
  0% data BNB/USDT 5m 89s
  0% data XRP/USDT 5m 118s
  0% data LINK/USDT 5m 149s
  1% data ADA/USDT 5m 176s
  1% data DOGE/USDT 5m 201s
  1% data AVAX/USDT 5m 229s
  1% data DOT/USDT 5m 255s
  1% data LTC/USDT 5m 280s
  1% data TRX/USDT 5m 306s
  1% data ATOM/USDT 5m 331s
  2% data BCH/USDT 5m 356s
  2% data ETC/USDT 5m 381s
  2% data UNI/USDT 5m 405s
  2% data NVIDIA (NVDA) 5m 433s
  2% data Apple (AAPL) 5m 433s
  2% data Microsoft (MSFT) 5m 433s
  2% data Tesla (TSLA) 5m 434s
  3% data Amazon (AMZN) 5m 434s
  3% data Google (GOOGL) 5m 434s
  3% data Meta (META) 5m 434s
  3% data JPMorgan (JPM) 5m 434s
  3% data Exxon (XOM) 5m 435s
  3% data Walmart (WMT) 5m 435s
  4% data Caterpillar (CAT) 5m 435s
  4% data S&P 500 5m 435s
  4% data Nasdaq 100 5m 436s
  4% data Dow Jones 5m 436s
  4% data Russell 2000 5m 436s
  4% data DAX 5m 436s
  4% data SPY 5m 436s
  5% data QQQ 5m 437s
  5% data IWM 5m 437s
  5% data EEM 5m 437s
  5% data Gold (XAU/USD) 5m 437s
  5% data Silver (XAG/USD) 5m 437s
  5% data Crude Oil (WTI) 5m 438s
  5% data Brent Oil 5m 438s
  6% data Copper 5m 438s
  6% data Natural Gas 5m 438s
  6% data Platinum 5m 439s
  6% data GLD 5m 439s
  6% data USO 5m 439s
  6% data EUR/USD 5m 439s
  6% data GBP/USD 5m 440s
  7% data USD/JPY 5m 440s
  7% data AUD/USD 5m 440s
  7% data USD/CAD 5m 440s
  7% data USD/CHF 5m 441s
  7% data NZD/USD 5m 441s
  7% data EUR/GBP 5m 441s
  8% data EUR/JPY 5m 441s
  8% data GBP/JPY 5m 442s
  8% data AUD/JPY 5m 442s
  8% data BTC/USDT 15m 442s
  8% data ETH/USDT 15m 472s
  8% data SOL/USDT 15m 501s
  8% data BNB/USDT 15m 531s
  9% data XRP/USDT 15m 560s
  9% data LINK/USDT 15m 590s
  9% data ADA/USDT 15m 618s
  9% data DOGE/USDT 15m 647s
  9% data AVAX/USDT 15m 677s
  9% data DOT/USDT 15m 705s
  9% data LTC/USDT 15m 734s
 10% data TRX/USDT 15m 763s
 10% data ATOM/USDT 15m 792s
 10% data BCH/USDT 15m 820s
 10% data ETC/USDT 15m 848s
 10% data UNI/USDT 15m 874s
 10% data NVIDIA (NVDA) 15m 903s
 11% data Apple (AAPL) 15m 903s
 11% data Microsoft (MSFT) 15m 903s
 11% data Tesla (TSLA) 15m 903s
 11% data Amazon (AMZN) 15m 904s
 11% data Google (GOOGL) 15m 904s
 11% data Meta (META) 15m 904s
 11% data JPMorgan (JPM) 15m 904s
 12% data Exxon (XOM) 15m 904s
 12% data Walmart (WMT) 15m 904s
 12% data Caterpillar (CAT) 15m 904s
 12% data S&P 500 15m 904s
 12% data Nasdaq 100 15m 905s
 12% data Dow Jones 15m 905s
 12% data Russell 2000 15m 905s
 13% data DAX 15m 905s
 13% data SPY 15m 905s
 13% data QQQ 15m 905s
 13% data IWM 15m 905s
 13% data EEM 15m 905s
 13% data Gold (XAU/USD) 15m 905s
 13% data Silver (XAG/USD) 15m 906s
 14% data Crude Oil (WTI) 15m 906s
 14% data Brent Oil 15m 906s
 14% data Copper 15m 906s
 14% data Natural Gas 15m 906s
 14% data Platinum 15m 906s
 14% data GLD 15m 906s
 15% data USO 15m 907s
 15% data EUR/USD 15m 907s
 15% data GBP/USD 15m 907s
 15% data USD/JPY 15m 907s
 15% data AUD/USD 15m 907s
 15% data USD/CAD 15m 907s
 15% data USD/CHF 15m 907s
 16% data NZD/USD 15m 907s
 16% data EUR/GBP 15m 908s
 16% data EUR/JPY 15m 908s
 16% data GBP/JPY 15m 908s
 16% data AUD/JPY 15m 908s
 16% data BTC/USDT 30m 908s
 16% data ETH/USDT 30m 929s
 17% data SOL/USDT 30m 949s
 17% data BNB/USDT 30m 970s
 17% data XRP/USDT 30m 990s
 17% data LINK/USDT 30m 1011s
 17% data ADA/USDT 30m 1034s
 17% data DOGE/USDT 30m 1055s
 18% data AVAX/USDT 30m 1076s
 18% data DOT/USDT 30m 1096s
 18% data LTC/USDT 30m 1117s
 18% data TRX/USDT 30m 1138s
 18% data ATOM/USDT 30m 1159s
 18% data BCH/USDT 30m 1179s
 18% data ETC/USDT 30m 1199s
 19% data UNI/USDT 30m 1218s
 19% data NVIDIA (NVDA) 30m 1239s
 19% data Apple (AAPL) 30m 1239s
 19% data Microsoft (MSFT) 30m 1239s
 19% data Tesla (TSLA) 30m 1240s
 19% data Amazon (AMZN) 30m 1240s
 19% data Google (GOOGL) 30m 1240s
 20% data Meta (META) 30m 1240s
 20% data JPMorgan (JPM) 30m 1240s
 20% data Exxon (XOM) 30m 1240s
 20% data Walmart (WMT) 30m 1240s
 20% data Caterpillar (CAT) 30m 1240s
 20% data S&P 500 30m 1241s
 20% data Nasdaq 100 30m 1241s
 21% data Dow Jones 30m 1241s
 21% data Russell 2000 30m 1241s
 21% data DAX 30m 1241s
 21% data SPY 30m 1241s
 21% data QQQ 30m 1241s
 21% data IWM 30m 1241s
 22% data EEM 30m 1242s
 22% data Gold (XAU/USD) 30m 1242s
 22% data Silver (XAG/USD) 30m 1242s
 22% data Crude Oil (WTI) 30m 1242s
 22% data Brent Oil 30m 1242s
 22% data Copper 30m 1242s
 22% data Natural Gas 30m 1242s
 23% data Platinum 30m 1242s
 23% data GLD 30m 1243s
 23% data USO 30m 1243s
 23% data EUR/USD 30m 1243s
 23% data GBP/USD 30m 1243s
 23% data USD/JPY 30m 1243s
 23% data AUD/USD 30m 1243s
 24% data USD/CAD 30m 1243s
 24% data USD/CHF 30m 1244s
 24% data NZD/USD 30m 1244s
 24% data EUR/GBP 30m 1244s
 24% data EUR/JPY 30m 1244s
 24% data GBP/JPY 30m 1244s
 25% data AUD/JPY 30m 1244s
 25% data BTC/USDT 1h 1245s
 25% data ETH/USDT 1h 1245s
 25% data SOL/USDT 1h 1245s
 25% data BNB/USDT 1h 1245s
 25% data XRP/USDT 1h 1245s
 25% data LINK/USDT 1h 1245s
 26% data ADA/USDT 1h 1266s
 26% data DOGE/USDT 1h 1266s
 26% data AVAX/USDT 1h 1266s
 26% data DOT/USDT 1h 1266s
 26% data LTC/USDT 1h 1286s
 26% data TRX/USDT 1h 1307s
 26% data ATOM/USDT 1h 1328s
 27% data BCH/USDT 1h 1349s
